class_weight enabled: counts=[2303.0, 9012.0, 1231.0, 170.0, 707.0, 18.0, 26.0, 89.0], weights=[0.185932, 0.185932, 0.185932, 0.384072, 0.185932, 3.627344, 2.511238, 0.73362]
kd schedule: feat_start=9999, struct_start=0, struct_type=cka
kd_teacher_source=resnet, kd_lite_teacher_use_weak_aug=True, kd_lite_teacher_use_ema=True
lite_feature_mode=mu, mix_feature_mode=mu
epoch=1 iter=26 train: total=3.022641, prob=0.000000, batch=0.000000, channel=0.000000, cls=0.712332, gauss=0.000000, aux_recon=0.000000, aux_kl=0.000000, kd_logit=4.942480, kd_feat=0.000000, kd_struct=0.042879, lite_recon=0.000000, lite_kl=0.000000, lite_ce=1.991266, lite_acc=0.640625, mix_alpha=None
epoch=2 iter=26 train: total=2.765395, prob=0.000000, batch=0.000000, channel=0.000000, cls=0.629419, gauss=0.000000, aux_recon=0.000000, aux_kl=0.000000, kd_logit=4.485013, kd_feat=0.000000, kd_struct=0.043572, lite_recon=0.000000, lite_kl=0.000000, lite_ce=1.824820, lite_acc=0.671875, mix_alpha=None
epoch=3 iter=26 train: total=2.264360, prob=0.000000, batch=0.000000, channel=0.000000, cls=0.387519, gauss=0.000000, aux_recon=0.000000, aux_kl=0.000000, kd_logit=3.739147, kd_feat=0.000000, kd_struct=0.066305, lite_recon=0.000000, lite_kl=0.000000, lite_ce=1.450226, lite_acc=0.640625, mix_alpha=None
epoch=4 iter=26 train: total=1.679821, prob=0.000000, batch=0.000000, channel=0.000000, cls=0.408280, gauss=0.000000, aux_recon=0.000000, aux_kl=0.000000, kd_logit=2.112381, kd_feat=0.000000, kd_struct=0.087447, lite_recon=0.000000, lite_kl=0.000000, lite_ce=1.169899, lite_acc=0.648438, mix_alpha=None
epoch=5 iter=26 train: total=1.489656, prob=0.000000, batch=0.000000, channel=0.000000, cls=0.407433, gauss=0.000000, aux_recon=0.000000, aux_kl=0.000000, kd_logit=1.943382, kd_feat=0.000000, kd_struct=0.072273, lite_recon=0.000000, lite_kl=0.000000, lite_ce=1.028707, lite_acc=0.703125, mix_alpha=None
epoch=5 test: acc=0.839959, f1=0.450427, auc=0.948943, bac=0.417060, sens=0.417060, spec=0.960372
epoch=5 val: acc=0.838577, f1=0.431428, auc=0.956448, bac=0.404747, sens=0.404747, spec=0.959125
epoch=6 iter=26 train: total=1.615334, prob=0.000000, batch=0.000000, channel=0.000000, cls=0.376198, gauss=0.000000, aux_recon=0.000000, aux_kl=0.000000, kd_logit=1.981500, kd_feat=0.000000, kd_struct=0.072929, lite_recon=0.000000, lite_kl=0.000000, lite_ce=1.146105, lite_acc=0.617188, mix_alpha=None
epoch=7 iter=26 train: total=1.814633, prob=0.000000, batch=0.000000, channel=0.000000, cls=0.568223, gauss=0.000000, aux_recon=0.000000, aux_kl=0.000000, kd_logit=1.910825, kd_feat=0.000000, kd_struct=0.069335, lite_recon=0.000000, lite_kl=0.000000, lite_ce=1.363133, lite_acc=0.578125, mix_alpha=None
epoch=8 iter=26 train: total=2.276395, prob=0.000000, batch=0.000000, channel=0.000000, cls=1.336527, gauss=0.000000, aux_recon=0.000000, aux_kl=0.000000, kd_logit=1.662708, kd_feat=0.000000, kd_struct=0.055716, lite_recon=0.000000, lite_kl=0.000000, lite_ce=1.888138, lite_acc=0.695312, mix_alpha=None
epoch=9 iter=26 train: total=1.420574, prob=0.000000, batch=0.000000, channel=0.000000, cls=0.338950, gauss=0.000000, aux_recon=0.000000, aux_kl=0.000000, kd_logit=1.666059, kd_feat=0.000000, kd_struct=0.055179, lite_recon=0.000000, lite_kl=0.000000, lite_ce=1.032184, lite_acc=0.695312, mix_alpha=None
epoch=10 iter=26 train: total=1.585541, prob=0.000000, batch=0.000000, channel=0.000000, cls=0.469953, gauss=0.000000, aux_recon=0.000000, aux_kl=0.000000, kd_logit=1.606298, kd_feat=0.000000, kd_struct=0.055351, lite_recon=0.000000, lite_kl=0.000000, lite_ce=1.208931, lite_acc=0.679688, mix_alpha=None
epoch=10 test: acc=0.833505, f1=0.444656, auc=0.948575, bac=0.415744, sens=0.415744, spec=0.960126
epoch=10 val: acc=0.839608, f1=0.434876, auc=0.955646, bac=0.409949, sens=0.409949, spec=0.960351
epoch=11 iter=26 train: total=1.746345, prob=0.000000, batch=0.000000, channel=0.000000, cls=0.518396, gauss=0.000000, aux_recon=0.000000, aux_kl=0.000000, kd_logit=1.549623, kd_feat=0.000000, kd_struct=0.046565, lite_recon=0.000000, lite_kl=0.000000, lite_ce=1.389855, lite_acc=0.625000, mix_alpha=None
epoch=12 iter=26 train: total=1.342228, prob=0.000000, batch=0.000000, channel=0.000000, cls=0.433024, gauss=0.000000, aux_recon=0.000000, aux_kl=0.000000, kd_logit=1.507167, kd_feat=0.000000, kd_struct=0.042529, lite_recon=0.000000, lite_kl=0.000000, lite_ce=0.998265, lite_acc=0.703125, mix_alpha=None
epoch=13 iter=26 train: total=1.441528, prob=0.000000, batch=0.000000, channel=0.000000, cls=0.365290, gauss=0.000000, aux_recon=0.000000, aux_kl=0.000000, kd_logit=1.589714, kd_feat=0.000000, kd_struct=0.048572, lite_recon=0.000000, lite_kl=0.000000, lite_ce=1.075013, lite_acc=0.687500, mix_alpha=None
epoch=14 iter=26 train: total=1.794871, prob=0.000000, batch=0.000000, channel=0.000000, cls=0.891207, gauss=0.000000, aux_recon=0.000000, aux_kl=0.000000, kd_logit=1.504367, kd_feat=0.000000, kd_struct=0.036075, lite_recon=0.000000, lite_kl=0.000000, lite_ce=1.457923, lite_acc=0.687500, mix_alpha=None
epoch=15 iter=26 train: total=1.560459, prob=0.000000, batch=0.000000, channel=0.000000, cls=0.359056, gauss=0.000000, aux_recon=0.000000, aux_kl=0.000000, kd_logit=1.931698, kd_feat=0.000000, kd_struct=0.032981, lite_recon=0.000000, lite_kl=0.000000, lite_ce=1.141139, lite_acc=0.648438, mix_alpha=None
epoch=15 test: acc=0.837377, f1=0.446795, auc=0.948609, bac=0.413205, sens=0.413205, spec=0.959412
epoch=15 val: acc=0.835998, f1=0.430848, auc=0.956927, bac=0.404318, sens=0.404318, spec=0.958065
epoch=16 iter=26 train: total=1.473177, prob=0.000000, batch=0.000000, channel=0.000000, cls=0.343702, gauss=0.000000, aux_recon=0.000000, aux_kl=0.000000, kd_logit=1.546589, kd_feat=0.000000, kd_struct=0.032940, lite_recon=0.000000, lite_kl=0.000000, lite_ce=1.130919, lite_acc=0.734375, mix_alpha=None
epoch=17 iter=26 train: total=1.901739, prob=0.000000, batch=0.000000, channel=0.000000, cls=0.464348, gauss=0.000000, aux_recon=0.000000, aux_kl=0.000000, kd_logit=1.557447, kd_feat=0.000000, kd_struct=0.028838, lite_recon=0.000000, lite_kl=0.000000, lite_ce=1.561411, lite_acc=0.617188, mix_alpha=None
epoch=18 iter=26 train: total=1.502575, prob=0.000000, batch=0.000000, channel=0.000000, cls=0.436349, gauss=0.000000, aux_recon=0.000000, aux_kl=0.000000, kd_logit=1.723337, kd_feat=0.000000, kd_struct=0.038707, lite_recon=0.000000, lite_kl=0.000000, lite_ce=1.119200, lite_acc=0.679688, mix_alpha=None
epoch=19 iter=26 train: total=1.092799, prob=0.000000, batch=0.000000, channel=0.000000, cls=0.325060, gauss=0.000000, aux_recon=0.000000, aux_kl=0.000000, kd_logit=1.408212, kd_feat=0.000000, kd_struct=0.030839, lite_recon=0.000000, lite_kl=0.000000, lite_ce=0.780317, lite_acc=0.757812, mix_alpha=None
epoch=20 iter=26 train: total=1.566315, prob=0.000000, batch=0.000000, channel=0.000000, cls=0.518727, gauss=0.000000, aux_recon=0.000000, aux_kl=0.000000, kd_logit=1.464845, kd_feat=0.000000, kd_struct=0.035757, lite_recon=0.000000, lite_kl=0.000000, lite_ce=1.237588, lite_acc=0.656250, mix_alpha=None
epoch=20 test: acc=0.838668, f1=0.440710, auc=0.948796, bac=0.409924, sens=0.409924, spec=0.960415
epoch=20 val: acc=0.837545, f1=0.433888, auc=0.956195, bac=0.406306, sens=0.406306, spec=0.958959
epoch=21 iter=26 train: total=1.395836, prob=0.000000, batch=0.000000, channel=0.000000, cls=0.461788, gauss=0.000000, aux_recon=0.000000, aux_kl=0.000000, kd_logit=1.635025, kd_feat=0.000000, kd_struct=0.029305, lite_recon=0.000000, lite_kl=0.000000, lite_ce=1.039527, lite_acc=0.703125, mix_alpha=None
epoch=22 iter=26 train: total=1.583768, prob=0.000000, batch=0.000000, channel=0.000000, cls=0.419207, gauss=0.000000, aux_recon=0.000000, aux_kl=0.000000, kd_logit=1.615221, kd_feat=0.000000, kd_struct=0.033582, lite_recon=0.000000, lite_kl=0.000000, lite_ce=1.227142, lite_acc=0.609375, mix_alpha=None
epoch=23 iter=26 train: total=1.135718, prob=0.000000, batch=0.000000, channel=0.000000, cls=0.381600, gauss=0.000000, aux_recon=0.000000, aux_kl=0.000000, kd_logit=1.384179, kd_feat=0.000000, kd_struct=0.034521, lite_recon=0.000000, lite_kl=0.000000, lite_ce=0.824362, lite_acc=0.765625, mix_alpha=None
epoch=24 iter=26 train: total=1.371776, prob=0.000000, batch=0.000000, channel=0.000000, cls=0.387279, gauss=0.000000, aux_recon=0.000000, aux_kl=0.000000, kd_logit=1.625109, kd_feat=0.000000, kd_struct=0.033221, lite_recon=0.000000, lite_kl=0.000000, lite_ce=1.013534, lite_acc=0.656250, mix_alpha=None
epoch=25 iter=26 train: total=1.404933, prob=0.000000, batch=0.000000, channel=0.000000, cls=0.413134, gauss=0.000000, aux_recon=0.000000, aux_kl=0.000000, kd_logit=1.699160, kd_feat=0.000000, kd_struct=0.029643, lite_recon=0.000000, lite_kl=0.000000, lite_ce=1.035459, lite_acc=0.656250, mix_alpha=None
epoch=25 test: acc=0.836345, f1=0.440779, auc=0.948880, bac=0.412742, sens=0.412742, spec=0.960446
epoch=25 val: acc=0.836514, f1=0.432208, auc=0.956749, bac=0.407669, sens=0.407669, spec=0.959458
epoch=26 iter=26 train: total=1.428652, prob=0.000000, batch=0.000000, channel=0.000000, cls=0.341030, gauss=0.000000, aux_recon=0.000000, aux_kl=0.000000, kd_logit=1.697484, kd_feat=0.000000, kd_struct=0.039025, lite_recon=0.000000, lite_kl=0.000000, lite_ce=1.050130, lite_acc=0.648438, mix_alpha=None
epoch=27 iter=26 train: total=1.458895, prob=0.000000, batch=0.000000, channel=0.000000, cls=0.499360, gauss=0.000000, aux_recon=0.000000, aux_kl=0.000000, kd_logit=1.438704, kd_feat=0.000000, kd_struct=0.036572, lite_recon=0.000000, lite_kl=0.000000, lite_ce=1.134582, lite_acc=0.679688, mix_alpha=None
epoch=28 iter=26 train: total=1.557989, prob=0.000000, batch=0.000000, channel=0.000000, cls=0.400830, gauss=0.000000, aux_recon=0.000000, aux_kl=0.000000, kd_logit=1.729204, kd_feat=0.000000, kd_struct=0.033999, lite_recon=0.000000, lite_kl=0.000000, lite_ce=1.178150, lite_acc=0.578125, mix_alpha=None
epoch=29 iter=26 train: total=1.772337, prob=0.000000, batch=0.000000, channel=0.000000, cls=0.525195, gauss=0.000000, aux_recon=0.000000, aux_kl=0.000000, kd_logit=1.773605, kd_feat=0.000000, kd_struct=0.033485, lite_recon=0.000000, lite_kl=0.000000, lite_ce=1.384131, lite_acc=0.601562, mix_alpha=None
epoch=30 iter=26 train: total=1.832927, prob=0.000000, batch=0.000000, channel=0.000000, cls=0.512080, gauss=0.000000, aux_recon=0.000000, aux_kl=0.000000, kd_logit=1.543005, kd_feat=0.000000, kd_struct=0.033093, lite_recon=0.000000, lite_kl=0.000000, lite_ce=1.491234, lite_acc=0.664062, mix_alpha=None
epoch=30 test: acc=0.837894, f1=0.442776, auc=0.948497, bac=0.412720, sens=0.412720, spec=0.960260
epoch=30 val: acc=0.837545, f1=0.431704, auc=0.956241, bac=0.406306, sens=0.406306, spec=0.959222
epoch=31 iter=26 train: total=2.350920, prob=0.000000, batch=0.000000, channel=0.000000, cls=0.623864, gauss=0.000000, aux_recon=0.000000, aux_kl=0.000000, kd_logit=1.661833, kd_feat=0.000000, kd_struct=0.038210, lite_recon=0.000000, lite_kl=0.000000, lite_ce=1.980343, lite_acc=0.593750, mix_alpha=None
epoch=32 iter=26 train: total=2.398123, prob=0.000000, batch=0.000000, channel=0.000000, cls=0.830820, gauss=0.000000, aux_recon=0.000000, aux_kl=0.000000, kd_logit=1.445002, kd_feat=0.000000, kd_struct=0.034957, lite_recon=0.000000, lite_kl=0.000000, lite_ce=2.074166, lite_acc=0.687500, mix_alpha=None
epoch=33 iter=26 train: total=2.034029, prob=0.000000, batch=0.000000, channel=0.000000, cls=0.915047, gauss=0.000000, aux_recon=0.000000, aux_kl=0.000000, kd_logit=1.610541, kd_feat=0.000000, kd_struct=0.036737, lite_recon=0.000000, lite_kl=0.000000, lite_ce=1.675184, lite_acc=0.656250, mix_alpha=None
epoch=34 iter=26 train: total=1.489295, prob=0.000000, batch=0.000000, channel=0.000000, cls=0.446295, gauss=0.000000, aux_recon=0.000000, aux_kl=0.000000, kd_logit=1.428418, kd_feat=0.000000, kd_struct=0.034946, lite_recon=0.000000, lite_kl=0.000000, lite_ce=1.168665, lite_acc=0.656250, mix_alpha=None
epoch=35 iter=26 train: total=1.812829, prob=0.000000, batch=0.000000, channel=0.000000, cls=0.515607, gauss=0.000000, aux_recon=0.000000, aux_kl=0.000000, kd_logit=1.592961, kd_feat=0.000000, kd_struct=0.032195, lite_recon=0.000000, lite_kl=0.000000, lite_ce=1.462041, lite_acc=0.578125, mix_alpha=None
epoch=35 test: acc=0.839701, f1=0.445219, auc=0.948721, bac=0.412900, sens=0.412900, spec=0.960286
epoch=35 val: acc=0.838061, f1=0.432988, auc=0.956285, bac=0.405593, sens=0.405593, spec=0.958930
epoch=36 iter=26 train: total=1.266108, prob=0.000000, batch=0.000000, channel=0.000000, cls=0.431453, gauss=0.000000, aux_recon=0.000000, aux_kl=0.000000, kd_logit=1.385378, kd_feat=0.000000, kd_struct=0.030486, lite_recon=0.000000, lite_kl=0.000000, lite_ce=0.958546, lite_acc=0.695312, mix_alpha=None
epoch=37 iter=26 train: total=1.718966, prob=0.000000, batch=0.000000, channel=0.000000, cls=0.574187, gauss=0.000000, aux_recon=0.000000, aux_kl=0.000000, kd_logit=1.640070, kd_feat=0.000000, kd_struct=0.034453, lite_recon=0.000000, lite_kl=0.000000, lite_ce=1.356498, lite_acc=0.679688, mix_alpha=None
epoch=38 iter=26 train: total=1.335626, prob=0.000000, batch=0.000000, channel=0.000000, cls=0.378498, gauss=0.000000, aux_recon=0.000000, aux_kl=0.000000, kd_logit=1.474603, kd_feat=0.000000, kd_struct=0.028334, lite_recon=0.000000, lite_kl=0.000000, lite_ce=1.012371, lite_acc=0.664062, mix_alpha=None
epoch=39 iter=26 train: total=2.288180, prob=0.000000, batch=0.000000, channel=0.000000, cls=0.934449, gauss=0.000000, aux_recon=0.000000, aux_kl=0.000000, kd_logit=1.586144, kd_feat=0.000000, kd_struct=0.036290, lite_recon=0.000000, lite_kl=0.000000, lite_ce=1.934661, lite_acc=0.664062, mix_alpha=None
epoch=40 iter=26 train: total=1.683578, prob=0.000000, batch=0.000000, channel=0.000000, cls=0.549045, gauss=0.000000, aux_recon=0.000000, aux_kl=0.000000, kd_logit=1.522546, kd_feat=0.000000, kd_struct=0.033984, lite_recon=0.000000, lite_kl=0.000000, lite_ce=1.345084, lite_acc=0.609375, mix_alpha=None
epoch=40 test: acc=0.837894, f1=0.447896, auc=0.948423, bac=0.417568, sens=0.417568, spec=0.960523
epoch=40 val: acc=0.836514, f1=0.430843, auc=0.956427, bac=0.406112, sens=0.406112, spec=0.958982
epoch=41 iter=26 train: total=1.867903, prob=0.000000, batch=0.000000, channel=0.000000, cls=0.575220, gauss=0.000000, aux_recon=0.000000, aux_kl=0.000000, kd_logit=1.707229, kd_feat=0.000000, kd_struct=0.034111, lite_recon=0.000000, lite_kl=0.000000, lite_ce=1.492346, lite_acc=0.640625, mix_alpha=None
epoch=42 iter=26 train: total=1.918936, prob=0.000000, batch=0.000000, channel=0.000000, cls=0.836183, gauss=0.000000, aux_recon=0.000000, aux_kl=0.000000, kd_logit=1.771186, kd_feat=0.000000, kd_struct=0.037954, lite_recon=0.000000, lite_kl=0.000000, lite_ce=1.526745, lite_acc=0.640625, mix_alpha=None
epoch=43 iter=26 train: total=1.356817, prob=0.000000, batch=0.000000, channel=0.000000, cls=0.382859, gauss=0.000000, aux_recon=0.000000, aux_kl=0.000000, kd_logit=1.442414, kd_feat=0.000000, kd_struct=0.033526, lite_recon=0.000000, lite_kl=0.000000, lite_ce=1.034808, lite_acc=0.687500, mix_alpha=None
epoch=44 iter=26 train: total=1.835894, prob=0.000000, batch=0.000000, channel=0.000000, cls=0.719303, gauss=0.000000, aux_recon=0.000000, aux_kl=0.000000, kd_logit=1.780754, kd_feat=0.000000, kd_struct=0.037338, lite_recon=0.000000, lite_kl=0.000000, lite_ce=1.442405, lite_acc=0.664062, mix_alpha=None
epoch=45 iter=26 train: total=1.347933, prob=0.000000, batch=0.000000, channel=0.000000, cls=0.395312, gauss=0.000000, aux_recon=0.000000, aux_kl=0.000000, kd_logit=1.479088, kd_feat=0.000000, kd_struct=0.034531, lite_recon=0.000000, lite_kl=0.000000, lite_ce=1.017584, lite_acc=0.648438, mix_alpha=None
epoch=45 test: acc=0.838668, f1=0.447114, auc=0.948717, bac=0.414588, sens=0.414588, spec=0.960366
epoch=45 val: acc=0.837545, f1=0.433319, auc=0.956084, bac=0.405779, sens=0.405779, spec=0.958737
epoch=46 iter=26 train: total=1.776613, prob=0.000000, batch=0.000000, channel=0.000000, cls=0.727449, gauss=0.000000, aux_recon=0.000000, aux_kl=0.000000, kd_logit=1.501468, kd_feat=0.000000, kd_struct=0.032693, lite_recon=0.000000, lite_kl=0.000000, lite_ce=1.443626, lite_acc=0.656250, mix_alpha=None
epoch=47 iter=26 train: total=1.540162, prob=0.000000, batch=0.000000, channel=0.000000, cls=0.594092, gauss=0.000000, aux_recon=0.000000, aux_kl=0.000000, kd_logit=1.409831, kd_feat=0.000000, kd_struct=0.030106, lite_recon=0.000000, lite_kl=0.000000, lite_ce=1.228090, lite_acc=0.695312, mix_alpha=None
epoch=48 iter=26 train: total=2.072319, prob=0.000000, batch=0.000000, channel=0.000000, cls=0.980115, gauss=0.000000, aux_recon=0.000000, aux_kl=0.000000, kd_logit=1.396250, kd_feat=0.000000, kd_struct=0.027945, lite_recon=0.000000, lite_kl=0.000000, lite_ce=1.765124, lite_acc=0.671875, mix_alpha=None
epoch=49 iter=26 train: total=1.948248, prob=0.000000, batch=0.000000, channel=0.000000, cls=0.898189, gauss=0.000000, aux_recon=0.000000, aux_kl=0.000000, kd_logit=1.612400, kd_feat=0.000000, kd_struct=0.033795, lite_recon=0.000000, lite_kl=0.000000, lite_ce=1.591974, lite_acc=0.632812, mix_alpha=None
epoch=50 iter=26 train: total=1.405851, prob=0.000000, batch=0.000000, channel=0.000000, cls=0.345808, gauss=0.000000, aux_recon=0.000000, aux_kl=0.000000, kd_logit=1.678603, kd_feat=0.000000, kd_struct=0.035503, lite_recon=0.000000, lite_kl=0.000000, lite_ce=1.034628, lite_acc=0.671875, mix_alpha=None
epoch=50 test: acc=0.837636, f1=0.448762, auc=0.949001, bac=0.416977, sens=0.416977, spec=0.960086
epoch=50 val: acc=0.836514, f1=0.431790, auc=0.957033, bac=0.406207, sens=0.406207, spec=0.958983
epoch=51 iter=26 train: total=1.837503, prob=0.000000, batch=0.000000, channel=0.000000, cls=0.538179, gauss=0.000000, aux_recon=0.000000, aux_kl=0.000000, kd_logit=1.356825, kd_feat=0.000000, kd_struct=0.027060, lite_recon=0.000000, lite_kl=0.000000, lite_ce=1.539078, lite_acc=0.773438, mix_alpha=None
epoch=52 iter=26 train: total=1.522411, prob=0.000000, batch=0.000000, channel=0.000000, cls=0.439517, gauss=0.000000, aux_recon=0.000000, aux_kl=0.000000, kd_logit=1.407963, kd_feat=0.000000, kd_struct=0.029127, lite_recon=0.000000, lite_kl=0.000000, lite_ce=1.211692, lite_acc=0.671875, mix_alpha=None
epoch=53 iter=26 train: total=1.460331, prob=0.000000, batch=0.000000, channel=0.000000, cls=0.460138, gauss=0.000000, aux_recon=0.000000, aux_kl=0.000000, kd_logit=1.481508, kd_feat=0.000000, kd_struct=0.029896, lite_recon=0.000000, lite_kl=0.000000, lite_ce=1.134134, lite_acc=0.625000, mix_alpha=None
epoch=54 iter=26 train: total=2.150940, prob=0.000000, batch=0.000000, channel=0.000000, cls=0.834711, gauss=0.000000, aux_recon=0.000000, aux_kl=0.000000, kd_logit=1.624869, kd_feat=0.000000, kd_struct=0.030361, lite_recon=0.000000, lite_kl=0.000000, lite_ce=1.795605, lite_acc=0.609375, mix_alpha=None
epoch=55 iter=26 train: total=1.535188, prob=0.000000, batch=0.000000, channel=0.000000, cls=0.518132, gauss=0.000000, aux_recon=0.000000, aux_kl=0.000000, kd_logit=1.494319, kd_feat=0.000000, kd_struct=0.031110, lite_recon=0.000000, lite_kl=0.000000, lite_ce=1.205215, lite_acc=0.632812, mix_alpha=None
epoch=55 test: acc=0.839184, f1=0.445853, auc=0.948459, bac=0.413938, sens=0.413938, spec=0.960433
epoch=55 val: acc=0.838061, f1=0.432998, auc=0.956014, bac=0.405876, sens=0.405876, spec=0.959052
epoch=56 iter=26 train: total=1.907973, prob=0.000000, batch=0.000000, channel=0.000000, cls=0.870015, gauss=0.000000, aux_recon=0.000000, aux_kl=0.000000, kd_logit=1.678798, kd_feat=0.000000, kd_struct=0.032054, lite_recon=0.000000, lite_kl=0.000000, lite_ce=1.540160, lite_acc=0.671875, mix_alpha=None
epoch=57 iter=26 train: total=1.778900, prob=0.000000, batch=0.000000, channel=0.000000, cls=0.598026, gauss=0.000000, aux_recon=0.000000, aux_kl=0.000000, kd_logit=1.813194, kd_feat=0.000000, kd_struct=0.040895, lite_recon=0.000000, lite_kl=0.000000, lite_ce=1.375366, lite_acc=0.570312, mix_alpha=None
epoch=58 iter=26 train: total=1.291137, prob=0.000000, batch=0.000000, channel=0.000000, cls=0.424663, gauss=0.000000, aux_recon=0.000000, aux_kl=0.000000, kd_logit=1.300048, kd_feat=0.000000, kd_struct=0.022027, lite_recon=0.000000, lite_kl=0.000000, lite_ce=1.009101, lite_acc=0.656250, mix_alpha=None
epoch=59 iter=26 train: total=1.842935, prob=0.000000, batch=0.000000, channel=0.000000, cls=0.790368, gauss=0.000000, aux_recon=0.000000, aux_kl=0.000000, kd_logit=1.572529, kd_feat=0.000000, kd_struct=0.034386, lite_recon=0.000000, lite_kl=0.000000, lite_ce=1.494043, lite_acc=0.640625, mix_alpha=None
epoch=60 iter=26 train: total=1.406419, prob=0.000000, batch=0.000000, channel=0.000000, cls=0.336690, gauss=0.000000, aux_recon=0.000000, aux_kl=0.000000, kd_logit=1.581677, kd_feat=0.000000, kd_struct=0.033836, lite_recon=0.000000, lite_kl=0.000000, lite_ce=1.056248, lite_acc=0.679688, mix_alpha=None
epoch=60 test: acc=0.832989, f1=0.446741, auc=0.948793, bac=0.419338, sens=0.419338, spec=0.960492
epoch=60 val: acc=0.837545, f1=0.433043, auc=0.956692, bac=0.410174, sens=0.410174, spec=0.960332
epoch=61 iter=26 train: total=1.870996, prob=0.000000, batch=0.000000, channel=0.000000, cls=0.895513, gauss=0.000000, aux_recon=0.000000, aux_kl=0.000000, kd_logit=1.414858, kd_feat=0.000000, kd_struct=0.030696, lite_recon=0.000000, lite_kl=0.000000, lite_ce=1.557329, lite_acc=0.664062, mix_alpha=None
epoch=62 iter=26 train: total=1.555447, prob=0.000000, batch=0.000000, channel=0.000000, cls=0.495182, gauss=0.000000, aux_recon=0.000000, aux_kl=0.000000, kd_logit=1.778622, kd_feat=0.000000, kd_struct=0.035307, lite_recon=0.000000, lite_kl=0.000000, lite_ce=1.164416, lite_acc=0.656250, mix_alpha=None
epoch=63 iter=26 train: total=1.164234, prob=0.000000, batch=0.000000, channel=0.000000, cls=0.352375, gauss=0.000000, aux_recon=0.000000, aux_kl=0.000000, kd_logit=1.343207, kd_feat=0.000000, kd_struct=0.024786, lite_recon=0.000000, lite_kl=0.000000, lite_ce=0.870807, lite_acc=0.734375, mix_alpha=None
epoch=64 iter=26 train: total=1.457678, prob=0.000000, batch=0.000000, channel=0.000000, cls=0.453509, gauss=0.000000, aux_recon=0.000000, aux_kl=0.000000, kd_logit=1.221287, kd_feat=0.000000, kd_struct=0.024413, lite_recon=0.000000, lite_kl=0.000000, lite_ce=1.189008, lite_acc=0.671875, mix_alpha=None
epoch=65 iter=26 train: total=1.389669, prob=0.000000, batch=0.000000, channel=0.000000, cls=0.399432, gauss=0.000000, aux_recon=0.000000, aux_kl=0.000000, kd_logit=1.418571, kd_feat=0.000000, kd_struct=0.027762, lite_recon=0.000000, lite_kl=0.000000, lite_ce=1.078193, lite_acc=0.671875, mix_alpha=None
epoch=65 test: acc=0.837377, f1=0.449438, auc=0.948647, bac=0.417547, sens=0.417547, spec=0.959992
epoch=65 val: acc=0.837029, f1=0.431951, auc=0.956824, bac=0.406021, sens=0.406021, spec=0.958943
epoch=66 iter=26 train: total=1.647628, prob=0.000000, batch=0.000000, channel=0.000000, cls=0.522788, gauss=0.000000, aux_recon=0.000000, aux_kl=0.000000, kd_logit=1.416937, kd_feat=0.000000, kd_struct=0.034837, lite_recon=0.000000, lite_kl=0.000000, lite_ce=1.329403, lite_acc=0.671875, mix_alpha=None
epoch=67 iter=26 train: total=1.548014, prob=0.000000, batch=0.000000, channel=0.000000, cls=0.451267, gauss=0.000000, aux_recon=0.000000, aux_kl=0.000000, kd_logit=1.607881, kd_feat=0.000000, kd_struct=0.036747, lite_recon=0.000000, lite_kl=0.000000, lite_ce=1.189691, lite_acc=0.664062, mix_alpha=None
epoch=68 iter=26 train: total=1.554517, prob=0.000000, batch=0.000000, channel=0.000000, cls=0.382799, gauss=0.000000, aux_recon=0.000000, aux_kl=0.000000, kd_logit=1.572212, kd_feat=0.000000, kd_struct=0.036040, lite_recon=0.000000, lite_kl=0.000000, lite_ce=1.204035, lite_acc=0.656250, mix_alpha=None
epoch=69 iter=26 train: total=1.812049, prob=0.000000, batch=0.000000, channel=0.000000, cls=0.666222, gauss=0.000000, aux_recon=0.000000, aux_kl=0.000000, kd_logit=1.571586, kd_feat=0.000000, kd_struct=0.031611, lite_recon=0.000000, lite_kl=0.000000, lite_ce=1.466120, lite_acc=0.609375, mix_alpha=None
epoch=70 iter=26 train: total=1.579015, prob=0.000000, batch=0.000000, channel=0.000000, cls=0.512522, gauss=0.000000, aux_recon=0.000000, aux_kl=0.000000, kd_logit=1.582472, kd_feat=0.000000, kd_struct=0.030749, lite_recon=0.000000, lite_kl=0.000000, lite_ce=1.231771, lite_acc=0.617188, mix_alpha=None
epoch=70 test: acc=0.839442, f1=0.442614, auc=0.948358, bac=0.411442, sens=0.411442, spec=0.960424
epoch=70 val: acc=0.837545, f1=0.432992, auc=0.956133, bac=0.404883, sens=0.404883, spec=0.958723
epoch=71 iter=26 train: total=1.795999, prob=0.000000, batch=0.000000, channel=0.000000, cls=0.784577, gauss=0.000000, aux_recon=0.000000, aux_kl=0.000000, kd_logit=1.640669, kd_feat=0.000000, kd_struct=0.032772, lite_recon=0.000000, lite_kl=0.000000, lite_ce=1.435093, lite_acc=0.609375, mix_alpha=None
epoch=72 iter=26 train: total=1.404648, prob=0.000000, batch=0.000000, channel=0.000000, cls=0.406417, gauss=0.000000, aux_recon=0.000000, aux_kl=0.000000, kd_logit=1.452024, kd_feat=0.000000, kd_struct=0.028754, lite_recon=0.000000, lite_kl=0.000000, lite_ce=1.085489, lite_acc=0.703125, mix_alpha=None
epoch=73 iter=26 train: total=1.378514, prob=0.000000, batch=0.000000, channel=0.000000, cls=0.431107, gauss=0.000000, aux_recon=0.000000, aux_kl=0.000000, kd_logit=1.354829, kd_feat=0.000000, kd_struct=0.028251, lite_recon=0.000000, lite_kl=0.000000, lite_ce=1.079297, lite_acc=0.679688, mix_alpha=None
epoch=74 iter=26 train: total=1.404615, prob=0.000000, batch=0.000000, channel=0.000000, cls=0.550977, gauss=0.000000, aux_recon=0.000000, aux_kl=0.000000, kd_logit=1.450960, kd_feat=0.000000, kd_struct=0.032491, lite_recon=0.000000, lite_kl=0.000000, lite_ce=1.081932, lite_acc=0.710938, mix_alpha=None
epoch=75 iter=26 train: total=1.311969, prob=0.000000, batch=0.000000, channel=0.000000, cls=0.389905, gauss=0.000000, aux_recon=0.000000, aux_kl=0.000000, kd_logit=1.497845, kd_feat=0.000000, kd_struct=0.032677, lite_recon=0.000000, lite_kl=0.000000, lite_ce=0.979722, lite_acc=0.734375, mix_alpha=None
epoch=75 test: acc=0.838410, f1=0.447113, auc=0.948975, bac=0.415675, sens=0.415675, spec=0.960512
epoch=75 val: acc=0.836514, f1=0.433281, auc=0.956214, bac=0.407056, sens=0.407056, spec=0.958944
epoch=76 iter=26 train: total=1.395259, prob=0.000000, batch=0.000000, channel=0.000000, cls=0.473057, gauss=0.000000, aux_recon=0.000000, aux_kl=0.000000, kd_logit=1.505425, kd_feat=0.000000, kd_struct=0.033387, lite_recon=0.000000, lite_kl=0.000000, lite_ce=1.060788, lite_acc=0.648438, mix_alpha=None
epoch=77 iter=26 train: total=1.662089, prob=0.000000, batch=0.000000, channel=0.000000, cls=0.434015, gauss=0.000000, aux_recon=0.000000, aux_kl=0.000000, kd_logit=1.616065, kd_feat=0.000000, kd_struct=0.028132, lite_recon=0.000000, lite_kl=0.000000, lite_ce=1.310744, lite_acc=0.710938, mix_alpha=None
epoch=78 iter=26 train: total=1.209089, prob=0.000000, batch=0.000000, channel=0.000000, cls=0.348093, gauss=0.000000, aux_recon=0.000000, aux_kl=0.000000, kd_logit=1.302417, kd_feat=0.000000, kd_struct=0.024902, lite_recon=0.000000, lite_kl=0.000000, lite_ce=0.923704, lite_acc=0.687500, mix_alpha=None
epoch=79 iter=26 train: total=1.750926, prob=0.000000, batch=0.000000, channel=0.000000, cls=0.520549, gauss=0.000000, aux_recon=0.000000, aux_kl=0.000000, kd_logit=1.474729, kd_feat=0.000000, kd_struct=0.028545, lite_recon=0.000000, lite_kl=0.000000, lite_ce=1.427435, lite_acc=0.648438, mix_alpha=None
epoch=80 iter=26 train: total=1.294320, prob=0.000000, batch=0.000000, channel=0.000000, cls=0.363262, gauss=0.000000, aux_recon=0.000000, aux_kl=0.000000, kd_logit=1.566678, kd_feat=0.000000, kd_struct=0.032185, lite_recon=0.000000, lite_kl=0.000000, lite_ce=0.948799, lite_acc=0.671875, mix_alpha=None
epoch=80 test: acc=0.837894, f1=0.449233, auc=0.948674, bac=0.417422, sens=0.417422, spec=0.960446
epoch=80 val: acc=0.837545, f1=0.432912, auc=0.956548, bac=0.406345, sens=0.406345, spec=0.959106
epoch=81 iter=26 train: total=1.563256, prob=0.000000, batch=0.000000, channel=0.000000, cls=0.554732, gauss=0.000000, aux_recon=0.000000, aux_kl=0.000000, kd_logit=1.476926, kd_feat=0.000000, kd_struct=0.030222, lite_recon=0.000000, lite_kl=0.000000, lite_ce=1.237649, lite_acc=0.617188, mix_alpha=None
epoch=82 iter=26 train: total=1.683281, prob=0.000000, batch=0.000000, channel=0.000000, cls=0.535056, gauss=0.000000, aux_recon=0.000000, aux_kl=0.000000, kd_logit=1.522862, kd_feat=0.000000, kd_struct=0.023437, lite_recon=0.000000, lite_kl=0.000000, lite_ce=1.355271, lite_acc=0.679688, mix_alpha=None
epoch=83 iter=26 train: total=1.381881, prob=0.000000, batch=0.000000, channel=0.000000, cls=0.454959, gauss=0.000000, aux_recon=0.000000, aux_kl=0.000000, kd_logit=1.239085, kd_feat=0.000000, kd_struct=0.023686, lite_recon=0.000000, lite_kl=0.000000, lite_ce=1.110379, lite_acc=0.664062, mix_alpha=None
epoch=84 iter=26 train: total=1.185799, prob=0.000000, batch=0.000000, channel=0.000000, cls=0.367763, gauss=0.000000, aux_recon=0.000000, aux_kl=0.000000, kd_logit=1.208074, kd_feat=0.000000, kd_struct=0.025622, lite_recon=0.000000, lite_kl=0.000000, lite_ce=0.918562, lite_acc=0.703125, mix_alpha=None
epoch=85 iter=26 train: total=1.252692, prob=0.000000, batch=0.000000, channel=0.000000, cls=0.387651, gauss=0.000000, aux_recon=0.000000, aux_kl=0.000000, kd_logit=1.330451, kd_feat=0.000000, kd_struct=0.029209, lite_recon=0.000000, lite_kl=0.000000, lite_ce=0.957393, lite_acc=0.648438, mix_alpha=None
epoch=85 test: acc=0.838152, f1=0.439198, auc=0.948780, bac=0.409092, sens=0.409092, spec=0.960520
epoch=85 val: acc=0.837545, f1=0.433778, auc=0.956196, bac=0.406920, sens=0.406920, spec=0.959089
epoch=86 iter=26 train: total=1.340723, prob=0.000000, batch=0.000000, channel=0.000000, cls=0.356239, gauss=0.000000, aux_recon=0.000000, aux_kl=0.000000, kd_logit=1.364040, kd_feat=0.000000, kd_struct=0.032456, lite_recon=0.000000, lite_kl=0.000000, lite_ce=1.035459, lite_acc=0.687500, mix_alpha=None
epoch=87 iter=26 train: total=1.743246, prob=0.000000, batch=0.000000, channel=0.000000, cls=0.593755, gauss=0.000000, aux_recon=0.000000, aux_kl=0.000000, kd_logit=1.515112, kd_feat=0.000000, kd_struct=0.028464, lite_recon=0.000000, lite_kl=0.000000, lite_ce=1.411759, lite_acc=0.640625, mix_alpha=None
epoch=88 iter=26 train: total=1.745461, prob=0.000000, batch=0.000000, channel=0.000000, cls=0.570507, gauss=0.000000, aux_recon=0.000000, aux_kl=0.000000, kd_logit=1.316336, kd_feat=0.000000, kd_struct=0.027639, lite_recon=0.000000, lite_kl=0.000000, lite_ce=1.454555, lite_acc=0.656250, mix_alpha=None
epoch=89 iter=26 train: total=1.641397, prob=0.000000, batch=0.000000, channel=0.000000, cls=0.469663, gauss=0.000000, aux_recon=0.000000, aux_kl=0.000000, kd_logit=1.665851, kd_feat=0.000000, kd_struct=0.031500, lite_recon=0.000000, lite_kl=0.000000, lite_ce=1.276727, lite_acc=0.625000, mix_alpha=None
epoch=90 iter=26 train: total=1.595946, prob=0.000000, batch=0.000000, channel=0.000000, cls=0.493196, gauss=0.000000, aux_recon=0.000000, aux_kl=0.000000, kd_logit=1.429687, kd_feat=0.000000, kd_struct=0.025343, lite_recon=0.000000, lite_kl=0.000000, lite_ce=1.284666, lite_acc=0.648438, mix_alpha=None
epoch=90 test: acc=0.839184, f1=0.450391, auc=0.948395, bac=0.418518, sens=0.418518, spec=0.960796
epoch=90 val: acc=0.837545, f1=0.431754, auc=0.955870, bac=0.407155, sens=0.407155, spec=0.959581
epoch=91 iter=26 train: total=1.499950, prob=0.000000, batch=0.000000, channel=0.000000, cls=0.379876, gauss=0.000000, aux_recon=0.000000, aux_kl=0.000000, kd_logit=1.610932, kd_feat=0.000000, kd_struct=0.032301, lite_recon=0.000000, lite_kl=0.000000, lite_ce=1.145463, lite_acc=0.656250, mix_alpha=None
epoch=92 iter=26 train: total=1.617378, prob=0.000000, batch=0.000000, channel=0.000000, cls=0.571002, gauss=0.000000, aux_recon=0.000000, aux_kl=0.000000, kd_logit=1.580237, kd_feat=0.000000, kd_struct=0.032678, lite_recon=0.000000, lite_kl=0.000000, lite_ce=1.268653, lite_acc=0.609375, mix_alpha=None
epoch=93 iter=26 train: total=2.008113, prob=0.000000, batch=0.000000, channel=0.000000, cls=0.932575, gauss=0.000000, aux_recon=0.000000, aux_kl=0.000000, kd_logit=1.304182, kd_feat=0.000000, kd_struct=0.030929, lite_recon=0.000000, lite_kl=0.000000, lite_ce=1.716347, lite_acc=0.640625, mix_alpha=None
epoch=94 iter=26 train: total=1.778837, prob=0.000000, batch=0.000000, channel=0.000000, cls=0.559937, gauss=0.000000, aux_recon=0.000000, aux_kl=0.000000, kd_logit=1.696409, kd_feat=0.000000, kd_struct=0.032966, lite_recon=0.000000, lite_kl=0.000000, lite_ce=1.406590, lite_acc=0.648438, mix_alpha=None
epoch=95 iter=26 train: total=1.648016, prob=0.000000, batch=0.000000, channel=0.000000, cls=0.610435, gauss=0.000000, aux_recon=0.000000, aux_kl=0.000000, kd_logit=1.412683, kd_feat=0.000000, kd_struct=0.026195, lite_recon=0.000000, lite_kl=0.000000, lite_ce=1.339284, lite_acc=0.664062, mix_alpha=None
epoch=95 test: acc=0.835570, f1=0.441321, auc=0.948769, bac=0.412676, sens=0.412676, spec=0.960383
epoch=95 val: acc=0.838577, f1=0.433753, auc=0.956859, bac=0.408340, sens=0.408340, spec=0.959739
epoch=96 iter=26 train: total=2.596642, prob=0.000000, batch=0.000000, channel=0.000000, cls=1.083285, gauss=0.000000, aux_recon=0.000000, aux_kl=0.000000, kd_logit=1.220959, kd_feat=0.000000, kd_struct=0.027880, lite_recon=0.000000, lite_kl=0.000000, lite_ce=2.324571, lite_acc=0.726562, mix_alpha=None
epoch=97 iter=26 train: total=1.401038, prob=0.000000, batch=0.000000, channel=0.000000, cls=0.388957, gauss=0.000000, aux_recon=0.000000, aux_kl=0.000000, kd_logit=1.352600, kd_feat=0.000000, kd_struct=0.028117, lite_recon=0.000000, lite_kl=0.000000, lite_ce=1.102400, lite_acc=0.640625, mix_alpha=None
epoch=98 iter=26 train: total=1.977579, prob=0.000000, batch=0.000000, channel=0.000000, cls=0.902683, gauss=0.000000, aux_recon=0.000000, aux_kl=0.000000, kd_logit=1.404098, kd_feat=0.000000, kd_struct=0.033535, lite_recon=0.000000, lite_kl=0.000000, lite_ce=1.663225, lite_acc=0.617188, mix_alpha=None
epoch=99 iter=26 train: total=1.384905, prob=0.000000, batch=0.000000, channel=0.000000, cls=0.455224, gauss=0.000000, aux_recon=0.000000, aux_kl=0.000000, kd_logit=1.269756, kd_feat=0.000000, kd_struct=0.025721, lite_recon=0.000000, lite_kl=0.000000, lite_ce=1.105232, lite_acc=0.687500, mix_alpha=None
epoch=100 iter=26 train: total=1.166097, prob=0.000000, batch=0.000000, channel=0.000000, cls=0.373558, gauss=0.000000, aux_recon=0.000000, aux_kl=0.000000, kd_logit=1.324485, kd_feat=0.000000, kd_struct=0.026832, lite_recon=0.000000, lite_kl=0.000000, lite_ce=0.874368, lite_acc=0.718750, mix_alpha=None
epoch=100 test: acc=0.835054, f1=0.447173, auc=0.948694, bac=0.418178, sens=0.418178, spec=0.960798
epoch=100 val: acc=0.838577, f1=0.434214, auc=0.955257, bac=0.410320, sens=0.410320, spec=0.960443
best_test(epoch=5): acc=0.839959, f1=0.450427, auc=0.948943, bac=0.417060, sens=0.417060, spec=0.960372
best_val(epoch=10): acc=0.839608, f1=0.434876, auc=0.955646, bac=0.409949, sens=0.409949, spec=0.960351
